-- This file tests the YB CBO base scans cost model in non-colocated tables.
SET yb_enable_base_scans_cost_model = ON;
SET yb_enable_optimizer_statistics = ON;
CREATE TABLE test (v1 INT, v2 INT, v3 INT);
CREATE INDEX test_index ON test ((v1) HASH, v2 ASC) INCLUDE (v3);
EXPLAIN (COSTS OFF) SELECT * FROM test WHERE v2 > 100;
                QUERY PLAN
------------------------------------------
 Index Only Scan using test_index on test
   Index Cond: (v2 > 100)
(2 rows)

SELECT * FROM test WHERE v2 > 100;
 v1 | v2 | v3
----+----+----
(0 rows)

DROP TABLE test;
