           List of relations
 Schema | Name | Type  |     Owner
--------+------+-------+---------------
 public | tbl  | table | yugabyte_test
 public | tbl2 | table | yugabyte_test
 public | tbl3 | table | yugabyte_test
 public | tbl4 | table | yugabyte_test
(4 rows)

                             List of tablegroups
  Name   |  Owner   | Access privileges | Description | Tablespace | Options
---------+----------+-------------------+-------------+------------+---------
 default | postgres |                   |             |            |
(1 row)

                                                                     List of tablegroup tables
 Group Name | Group Owner | Access privileges | Group Description | Group Tablespace | Group Options |    Name     | Type  |     Owner     | Rel Description | Size
------------+-------------+-------------------+-------------------+------------------+---------------+-------------+-------+---------------+-----------------+------
 default    | postgres    |                   |                   |                  |               | tbl         | table | yugabyte_test |                 |
 default    | postgres    |                   |                   |                  |               | tbl2        | table | yugabyte_test |                 |
 default    | postgres    |                   |                   |                  |               | tbl_v_idx   | index | yugabyte_test |                 |
 default    | postgres    |                   |                   |                  |               | tbl2_v2_idx | index | yugabyte_test |                 |
(4 rows)
