            List of relations
 Schema |  Name  | Type  |     Owner     
--------+--------+-------+---------------
 public | table1 | table | yugabyte_test
 public | table2 | table | yugabyte_test
(2 rows)

          List of tablespaces
    Name    |     Owner     | Location 
------------+---------------+----------
 pg_default | postgres      | 
 pg_global  | postgres      | 
 x          | yugabyte_test | 
 z          | yugabyte_test | 
(4 rows)

                                         List of roles
      Role name       |                         Attributes                         | Member of 
----------------------+------------------------------------------------------------+-----------
 postgres             | Superuser, Create role, Create DB, Replication, Bypass RLS | {}
 regress_rls_alice    | Cannot login                                               | {}
 rls_user             | Cannot login                                               | {}
 tablegroup_test_user | Superuser                                                  | {}
 yb_db_admin          | No inheritance, Cannot login                               | {}
 yb_extension         | Cannot login                                               | {}
 yb_fdw               | Cannot login                                               | {}
 yugabyte             | Superuser, Create role, Create DB, Replication, Bypass RLS | {}
 yugabyte_test        | Superuser, Create role, Create DB, Bypass RLS              | {}

  List of schemas
  Name  |  Owner   
--------+----------
 public | postgres
(1 row)

                          List of tablegroups
 Name | Owner | Access privileges | Description | Tablespace | Options 
------+-------+-------------------+-------------+------------+---------
(0 rows)

                                                             List of tablegroup tables
 Group Name | Group Owner | Access privileges | Group Description | Group Tablespace | Group Options | Name | Type | Owner | Rel Description | Size 
------------+-------------+-------------------+-------------------+------------------+---------------+------+------+-------+-----------------+------
(0 rows)

