--
-- Yugabyte-owned test for ybgin index access method and null categories.
--
-- GIN_CAT_NULL_KEY
INSERT INTO arrays (a) VALUES ('{null}');
ERROR:  unsupported ybgin index write
DETAIL:  ybgin index method does not support non-normal null category: null-key.
SELECT * FROM arrays WHERE a @> '{null}';
ERROR:  unsupported ybgin index scan
DETAIL:  ybgin index method does not support non-normal null category: null-key.
-- GIN_CAT_EMPTY_ITEM
INSERT INTO arrays (a) VALUES ('{}');
ERROR:  unsupported ybgin index write
DETAIL:  ybgin index method does not support non-normal null category: empty-item.
-- GIN_CAT_NULL_ITEM
INSERT INTO arrays (a) VALUES (null);
ERROR:  unsupported ybgin index write
DETAIL:  ybgin index method does not support non-normal null category: null-item.
